Processing iphone14-pro.json...
iphone-13-pro-amir : 2 elements > 0.0019 out of 461 (0.434%)
iphone-13-pro-amir : 1 elements > 0.002 out of 461 (0.217%)
iphone-13-pro-amir : 0 elements > 0.00245 out of 461 (0.000%)
iphone-13-pro-amir : 0 elements > 0.003 out of 461 (0.000%)

iphone-14-plus-abeer : 1 elements > 0.0019 out of 461 (0.217%)
iphone-14-plus-abeer : 1 elements > 0.002 out of 461 (0.217%)
iphone-14-plus-abeer : 0 elements > 0.00245 out of 461 (0.000%)
iphone-14-plus-abeer : 0 elements > 0.003 out of 461 (0.000%)

iphone-8-plus-amir : 3 elements > 0.0019 out of 461 (0.651%)
iphone-8-plus-amir : 0 elements > 0.002 out of 461 (0.000%)
iphone-8-plus-amir : 0 elements > 0.00245 out of 461 (0.000%)
iphone-8-plus-amir : 0 elements > 0.003 out of 461 (0.000%)

iphone-areeg : 1 elements > 0.0019 out of 461 (0.217%)
iphone-areeg : 0 elements > 0.002 out of 461 (0.000%)
iphone-areeg : 0 elements > 0.00245 out of 461 (0.000%)
iphone-areeg : 0 elements > 0.003 out of 461 (0.000%)

iphone-hanaa : 10 elements > 0.0019 out of 461 (2.169%)
iphone-hanaa : 8 elements > 0.002 out of 461 (1.735%)
iphone-hanaa : 2 elements > 0.00245 out of 461 (0.434%)
iphone-hanaa : 0 elements > 0.003 out of 461 (0.000%)

iphone14-pro : 381 elements > 0.0019 out of 461 (82.646%)
iphone14-pro : 376 elements > 0.002 out of 461 (81.562%)
iphone14-pro : 369 elements > 0.00245 out of 461 (80.043%)
iphone14-pro : 361 elements > 0.003 out of 461 (78.308%)

--------------------------------------------------
Processing iphone-8-plus-amir.json...
iphone-13-pro-amir : 3 elements > 0.0019 out of 407 (0.737%)
iphone-13-pro-amir : 1 elements > 0.002 out of 407 (0.246%)
iphone-13-pro-amir : 0 elements > 0.00245 out of 407 (0.000%)
iphone-13-pro-amir : 0 elements > 0.003 out of 407 (0.000%)

iphone-14-plus-abeer : 2 elements > 0.0019 out of 407 (0.491%)
iphone-14-plus-abeer : 0 elements > 0.002 out of 407 (0.000%)
iphone-14-plus-abeer : 0 elements > 0.00245 out of 407 (0.000%)
iphone-14-plus-abeer : 0 elements > 0.003 out of 407 (0.000%)

iphone-8-plus-amir : 405 elements > 0.0019 out of 407 (99.509%)
iphone-8-plus-amir : 405 elements > 0.002 out of 407 (99.509%)
iphone-8-plus-amir : 405 elements > 0.00245 out of 407 (99.509%)
iphone-8-plus-amir : 405 elements > 0.003 out of 407 (99.509%)

iphone-areeg : 0 elements > 0.0019 out of 407 (0.000%)
iphone-areeg : 0 elements > 0.002 out of 407 (0.000%)
iphone-areeg : 0 elements > 0.00245 out of 407 (0.000%)
iphone-areeg : 0 elements > 0.003 out of 407 (0.000%)

iphone-hanaa : 1 elements > 0.0019 out of 407 (0.246%)
iphone-hanaa : 0 elements > 0.002 out of 407 (0.000%)
iphone-hanaa : 0 elements > 0.00245 out of 407 (0.000%)
iphone-hanaa : 0 elements > 0.003 out of 407 (0.000%)

iphone14-pro : 2 elements > 0.0019 out of 407 (0.491%)
iphone14-pro : 0 elements > 0.002 out of 407 (0.000%)
iphone14-pro : 0 elements > 0.00245 out of 407 (0.000%)
iphone14-pro : 0 elements > 0.003 out of 407 (0.000%)

--------------------------------------------------
Processing iphone-13-pro-amir.json...
iphone-13-pro-amir : 363 elements > 0.0019 out of 390 (93.077%)
iphone-13-pro-amir : 361 elements > 0.002 out of 390 (92.564%)
iphone-13-pro-amir : 357 elements > 0.00245 out of 390 (91.538%)
iphone-13-pro-amir : 343 elements > 0.003 out of 390 (87.949%)

iphone-14-plus-abeer : 17 elements > 0.0019 out of 390 (4.359%)
iphone-14-plus-abeer : 13 elements > 0.002 out of 390 (3.333%)
iphone-14-plus-abeer : 3 elements > 0.00245 out of 390 (0.769%)
iphone-14-plus-abeer : 1 elements > 0.003 out of 390 (0.256%)

iphone-8-plus-amir : 1 elements > 0.0019 out of 390 (0.256%)
iphone-8-plus-amir : 1 elements > 0.002 out of 390 (0.256%)
iphone-8-plus-amir : 0 elements > 0.00245 out of 390 (0.000%)
iphone-8-plus-amir : 0 elements > 0.003 out of 390 (0.000%)

iphone-areeg : 1 elements > 0.0019 out of 390 (0.256%)
iphone-areeg : 1 elements > 0.002 out of 390 (0.256%)
iphone-areeg : 0 elements > 0.00245 out of 390 (0.000%)
iphone-areeg : 0 elements > 0.003 out of 390 (0.000%)

iphone-hanaa : 9 elements > 0.0019 out of 390 (2.308%)
iphone-hanaa : 8 elements > 0.002 out of 390 (2.051%)
iphone-hanaa : 4 elements > 0.00245 out of 390 (1.026%)
iphone-hanaa : 3 elements > 0.003 out of 390 (0.769%)

iphone14-pro : 1 elements > 0.0019 out of 390 (0.256%)
iphone14-pro : 1 elements > 0.002 out of 390 (0.256%)
iphone14-pro : 0 elements > 0.00245 out of 390 (0.000%)
iphone14-pro : 0 elements > 0.003 out of 390 (0.000%)

--------------------------------------------------
Processing iphone-14-plus-abeer.json...
iphone-13-pro-amir : 14 elements > 0.0019 out of 435 (3.218%)
iphone-13-pro-amir : 11 elements > 0.002 out of 435 (2.529%)
iphone-13-pro-amir : 3 elements > 0.00245 out of 435 (0.690%)
iphone-13-pro-amir : 0 elements > 0.003 out of 435 (0.000%)

iphone-14-plus-abeer : 399 elements > 0.0019 out of 435 (91.724%)
iphone-14-plus-abeer : 398 elements > 0.002 out of 435 (91.494%)
iphone-14-plus-abeer : 393 elements > 0.00245 out of 435 (90.345%)
iphone-14-plus-abeer : 390 elements > 0.003 out of 435 (89.655%)

iphone-8-plus-amir : 3 elements > 0.0019 out of 435 (0.690%)
iphone-8-plus-amir : 0 elements > 0.002 out of 435 (0.000%)
iphone-8-plus-amir : 0 elements > 0.00245 out of 435 (0.000%)
iphone-8-plus-amir : 0 elements > 0.003 out of 435 (0.000%)

iphone-areeg : 1 elements > 0.0019 out of 435 (0.230%)
iphone-areeg : 1 elements > 0.002 out of 435 (0.230%)
iphone-areeg : 0 elements > 0.00245 out of 435 (0.000%)
iphone-areeg : 0 elements > 0.003 out of 435 (0.000%)

iphone-hanaa : 0 elements > 0.0019 out of 435 (0.000%)
iphone-hanaa : 0 elements > 0.002 out of 435 (0.000%)
iphone-hanaa : 0 elements > 0.00245 out of 435 (0.000%)
iphone-hanaa : 0 elements > 0.003 out of 435 (0.000%)

iphone14-pro : 2 elements > 0.0019 out of 435 (0.460%)
iphone14-pro : 1 elements > 0.002 out of 435 (0.230%)
iphone14-pro : 0 elements > 0.00245 out of 435 (0.000%)
iphone14-pro : 0 elements > 0.003 out of 435 (0.000%)

--------------------------------------------------
Processing iphone-areeg.json...
iphone-13-pro-amir : 2 elements > 0.0019 out of 466 (0.429%)
iphone-13-pro-amir : 1 elements > 0.002 out of 466 (0.215%)
iphone-13-pro-amir : 0 elements > 0.00245 out of 466 (0.000%)
iphone-13-pro-amir : 0 elements > 0.003 out of 466 (0.000%)

iphone-14-plus-abeer : 1 elements > 0.0019 out of 466 (0.215%)
iphone-14-plus-abeer : 1 elements > 0.002 out of 466 (0.215%)
iphone-14-plus-abeer : 0 elements > 0.00245 out of 466 (0.000%)
iphone-14-plus-abeer : 0 elements > 0.003 out of 466 (0.000%)

iphone-8-plus-amir : 1 elements > 0.0019 out of 466 (0.215%)
iphone-8-plus-amir : 0 elements > 0.002 out of 466 (0.000%)
iphone-8-plus-amir : 0 elements > 0.00245 out of 466 (0.000%)
iphone-8-plus-amir : 0 elements > 0.003 out of 466 (0.000%)

iphone-areeg : 431 elements > 0.0019 out of 466 (92.489%)
iphone-areeg : 431 elements > 0.002 out of 466 (92.489%)
iphone-areeg : 423 elements > 0.00245 out of 466 (90.773%)
iphone-areeg : 415 elements > 0.003 out of 466 (89.056%)

iphone-hanaa : 2 elements > 0.0019 out of 466 (0.429%)
iphone-hanaa : 0 elements > 0.002 out of 466 (0.000%)
iphone-hanaa : 0 elements > 0.00245 out of 466 (0.000%)
iphone-hanaa : 0 elements > 0.003 out of 466 (0.000%)

iphone14-pro : 1 elements > 0.0019 out of 466 (0.215%)
iphone14-pro : 0 elements > 0.002 out of 466 (0.000%)
iphone14-pro : 0 elements > 0.00245 out of 466 (0.000%)
iphone14-pro : 0 elements > 0.003 out of 466 (0.000%)

--------------------------------------------------
Processing iphone-hanaa.json...
iphone-13-pro-amir : 1 elements > 0.0019 out of 421 (0.238%)
iphone-13-pro-amir : 0 elements > 0.002 out of 421 (0.000%)
iphone-13-pro-amir : 0 elements > 0.00245 out of 421 (0.000%)
iphone-13-pro-amir : 0 elements > 0.003 out of 421 (0.000%)

iphone-14-plus-abeer : 0 elements > 0.0019 out of 421 (0.000%)
iphone-14-plus-abeer : 0 elements > 0.002 out of 421 (0.000%)
iphone-14-plus-abeer : 0 elements > 0.00245 out of 421 (0.000%)
iphone-14-plus-abeer : 0 elements > 0.003 out of 421 (0.000%)

iphone-8-plus-amir : 1 elements > 0.0019 out of 421 (0.238%)
iphone-8-plus-amir : 0 elements > 0.002 out of 421 (0.000%)
iphone-8-plus-amir : 0 elements > 0.00245 out of 421 (0.000%)
iphone-8-plus-amir : 0 elements > 0.003 out of 421 (0.000%)

iphone-areeg : 0 elements > 0.0019 out of 421 (0.000%)
iphone-areeg : 0 elements > 0.002 out of 421 (0.000%)
iphone-areeg : 0 elements > 0.00245 out of 421 (0.000%)
iphone-areeg : 0 elements > 0.003 out of 421 (0.000%)

iphone-hanaa : 419 elements > 0.0019 out of 421 (99.525%)
iphone-hanaa : 419 elements > 0.002 out of 421 (99.525%)
iphone-hanaa : 419 elements > 0.00245 out of 421 (99.525%)
iphone-hanaa : 417 elements > 0.003 out of 421 (99.050%)

iphone14-pro : 0 elements > 0.0019 out of 421 (0.000%)
iphone14-pro : 0 elements > 0.002 out of 421 (0.000%)
iphone14-pro : 0 elements > 0.00245 out of 421 (0.000%)
iphone14-pro : 0 elements > 0.003 out of 421 (0.000%)

--------------------------------------------------
